Testing Shipping Rates Function (Raw Fetch)...
Status: 400
Body: {
  "error": "Envia API Error: {\"meta\":\"error\",\"error\":{\"code\":1101,\"description\":\"Invalid Option\",\"message\":\"Carrier provided is not supported or incorrect.\"}}"
}
